# mock: 29bitJeep
# init_ok: true
--- identify (ordered) ---
ATE0
ATH1
STPPMC
STBC 1
0100
0902
0101
0100
0120
0140
0160
0180
01A0
01C0
0600
0620
0640
0660
0900
ATSH18DA10F1
090A
0904
ATSH18DA18F1
090A
0904
ATSH18DB33F1
010C0D
--- poll (sorted) ---
0101
0103
0104
0105
0106
0107
AT
--- vehicle_info ---
{
  "vin": "1C4MOCK29SBIT0001",
  "wmi": "1C4",
  "manufacturer": null,
  "engine_type": "Gasoline",
  "ecus": [
    {
      "controller_id": "10",
      "name": "ECM-EngineControl",
      "calibration_ids": [
        "MOCKCAL100"
      ],
      "hardware": null,
      "strategy": null,
      "serial": null,
      "module_vin": null
    },
    {
      "controller_id": "18",
      "name": "TCM-TransmisCtrl",
      "calibration_ids": [
        "MOCKCAL000"
      ],
      "hardware": null,
      "strategy": null,
      "serial": null,
      "module_vin": null
    }
  ],
  "supported_pids": [
    "0101",
    "0103",
    "0104",
    "0105",
    "0106",
    "0107",
    "0108",
    "0109",
    "010A",
    "010B",
    "010C",
    "010D",
    "010E",
    "010F",
    "0111",
    "0113",
    "0114",
    "0115",
    "0118",
    "0119",
    "011C",
    "011F",
    "0120",
    "0121",
    "0121",
    "012C",
    "012D",
    "012E",
    "012F",
    "0130",
    "0130",
    "0131",
    "0131",
    "0132",
    "0133",
    "013C",
    "013D",
    "0140",
    "0140",
    "0141",
    "0142",
    "0142",
    "0143",
    "0144",
    "0145",
    "0146",
    "0147",
    "0149",
    "0149",
    "014A",
    "014C",
    "0151",
    "0156",
    "0158",
    "015E",
    "0160",
    "0162",
    "0163",
    "016B",
    "0180",
    "018E",
    "019D",
    "019E",
    "01A0",
    "01A6",
    "0621",
    "0622",
    "0631",
    "0635",
    "0636",
    "0639",
    "063A",
    "063C",
    "063D",
    "0640",
    "0641",
    "0642",
    "0645",
    "0646",
    "0660",
    "0680"
  ],
  "protocol": "ISO 15765-4 CAN 29-bit (500k)",
  "year_char": "S",
  "pcm_strategy": null,
  "module_census": [],
  "strategy_probed": null
}
